// Jest Snapshot v1, https://goo.gl/fbAQLP

exports[`renders correctly ComingSoon 1`] = `
<RCTSafeAreaView
  emulateUnlessSupported={true}
  style={
    Object {
      "backgroundColor": "#FFFFFF",
      "flex": 1,
      "justifyContent": "space-between",
      "paddingHorizontal": 16,
    }
  }
>
  <View
    style={
      Object {
        "flex": 2,
      }
    }
  />
  <View
    style={
      Object {
        "alignItems": "center",
        "flex": 2,
        "paddingHorizontal": 16,
      }
    }
  >
    <Text.H2
      style={
        Object {
          "paddingVertical": 10,
          "textAlign": "center",
        }
      }
    >
      플라스틱 탐지기
    </Text.H2>
    <Text.Tertiary
      style={
        Object {
          "paddingVertical": 10,
          "textAlign": "center",
        }
      }
    >
      앱 사용을 위해서는 이용약관에 동의하셔야합니다.
    </Text.Tertiary>
    <TouchableOpacity
      onPress={[Function]}
    >
      <Text.Tertiary
        green={true}
      >
        이용약관 보기
      </Text.Tertiary>
    </TouchableOpacity>
    <View
      style={
        Object {
          "bottom": 16,
          "left": 0,
          "marginHorizontal": 16,
          "position": "absolute",
          "right": 0,
        }
      }
    >
      <Button.Primary
        fullWidth={true}
        onPress={[Function]}
        textType="Primary"
      >
        <Text.Primary
          bold={true}
          center={true}
          white={true}
        >
          이용약관에 동의하고 시작하기
        </Text.Primary>
      </Button.Primary>
    </View>
  </View>
</RCTSafeAreaView>
`;
